D:\works\app\miniconda3\envs\BiShengLangChainVENV\python.exe : D:\works\app\miniconda3\envs\BiShengLangChainVENV\python
.exe: can't open file 'D:\\github\\deerflaw\\backend\\tests\\test_all_features.py': [Errno 2] No such file or directory
所在位置 行:1 字符: 195
+ ... aw\backend; D:\works\app\miniconda3\envs\BiShengLangChainVENV\python. ...
+                 ~~~~~~~~~~~~~~~~~~~~~~~~~~~~~~~~~~~~~~~~~~~~~~~~~~~~~~~~~
    + CategoryInfo          : NotSpecified: (D:\works\app\mi...le or directory:String) [], RemoteException
    + FullyQualifiedErrorId : NativeCommandError
 
